// Jest Snapshot v1, https://goo.gl/fbAQLP

exports[`Snapshot du login 1`] = `
<div>
  <main
    class="auth"
  >
    <a
      href="/auth/inscription"
    >
      Inscription
    </a>
    <form>
      <h1>
        Authentification
      </h1>
      <div>
        <label
          for="email"
        >
          Votre Email
        </label>
        <input
          id="email"
          name="email"
          placeholder="Indiquez votre email"
          type="text"
        />
        <p
          class="error"
        />
      </div>
      <div>
        <label
          for="password"
        >
          Votre Password
        </label>
        <input
          id="password"
          name="password"
          placeholder="Indiquez votre mot de passe"
          type="password"
        />
        <p
          class="error"
        />
      </div>
      <button
        disabled=""
        type="submit"
      >
        Se connecter
      </button>
      <div>
        <span />
        <span />
      </div>
    </form>
  </main>
</div>
`;
